error: almost complete ascii digit range
  --> $DIR/almost_complete_digit_range.rs:29:17
   |
LL |         let _ = ('0') ..'9';
   |                 ^^^^^^--^^^
   |                       |
   |                       help: use an inclusive range: `..=`
   |
   = note: `-D clippy::almost-complete-digit-range` implied by `-D warnings`

error: almost complete ascii digit range
  --> $DIR/almost_complete_digit_range.rs:30:17
   |
LL |         let _ = '0' .. ('9');
   |                 ^^^^--^^^^^^
   |                     |
   |                     help: use an inclusive range: `..=`

error: almost complete ascii digit range
  --> $DIR/almost_complete_digit_range.rs:31:17
   |
LL |         let _ = ('0') .. ('9');
   |                 ^^^^^^--^^^^^^
   |                       |
   |                       help: use an inclusive range: `..=`

error: almost complete ascii digit range
  --> $DIR/almost_complete_digit_range.rs:36:13
   |
LL |     let _ = (b'0')..(b'9');
   |             ^^^^^^--^^^^^^
   |                   |
   |                   help: use an inclusive range: `..=`

error: almost complete ascii digit range
  --> $DIR/almost_complete_digit_range.rs:37:13
   |
LL |     let _ = b'0'..b'9';
   |             ^^^^--^^^^
   |                 |
   |                 help: use an inclusive range: `..=`

error: almost complete ascii digit range
  --> $DIR/almost_complete_digit_range.rs:41:13
   |
LL |     let _ = zero!()..'9';
   |             ^^^^^^^--^^^
   |                    |
   |                    help: use an inclusive range: `..=`

error: almost complete ascii digit range
  --> $DIR/almost_complete_digit_range.rs:44:9
   |
LL |         b'0'..b'9' if true => 1,
   |         ^^^^--^^^^
   |             |
   |             help: use an inclusive range: `..=`

error: almost complete ascii digit range
  --> $DIR/almost_complete_digit_range.rs:49:9
   |
LL |         '0'..'9' if true => 1,
   |         ^^^--^^^
   |            |
   |            help: use an inclusive range: `..=`

error: almost complete ascii digit range
  --> $DIR/almost_complete_digit_range.rs:22:17
   |
LL |         let _ = '0'..'9';
   |                 ^^^--^^^
   |                    |
   |                    help: use an inclusive range: `..=`
...
LL |     b!();
   |     ---- in this macro invocation
   |
   = note: this error originates in the macro `b` (in Nightly builds, run with -Z macro-backtrace for more info)

error: almost complete ascii digit range
  --> $DIR/almost_complete_digit_range.rs:61:9
   |
LL |         '0'..'9' => 1,
   |         ^^^--^^^
   |            |
   |            help: use an inclusive range: `...`

error: almost complete ascii digit range
  --> $DIR/almost_complete_digit_range.rs:68:13
   |
LL |     let _ = '0'..'9';
   |             ^^^--^^^
   |                |
   |                help: use an inclusive range: `..=`

error: almost complete ascii digit range
  --> $DIR/almost_complete_digit_range.rs:70:9
   |
LL |         '0'..'9' => 1,
   |         ^^^--^^^
   |            |
   |            help: use an inclusive range: `..=`

error: aborting due to 12 previous errors

